============================= test session starts ==============================
platform linux -- Python 3.12.7, pytest-8.3.4, pluggy-1.5.0 -- /home/d/Desktop/AAT/adaptive-attention-tiling-v2/venv/bin/python
cachedir: .pytest_cache
rootdir: /home/d/Desktop/AAT/adaptive-attention-tiling-v2/tests
configfile: pytest.ini
collecting ... collected 1 item

tests/test_neural/test_attention/test_pattern_dynamics.py::TestDiffusionProperties::test_convergence_to_steady_state PASSED [100%]2024-12-10 20:31:23,324 - tests.conftest - WARNING - All tests passed successfully


---------------------------- live log sessionfinish ----------------------------
2024-12-10 20:31:23 [ WARNING] All tests passed successfully (conftest.py:216)

============================== 1 passed in 1.59s ===============================
